[21:26:46] preflight
[21:26:47] waiting for the embedding pass
[00:21:00] embedding done at 4635922 rows
[00:21:00] verifying vectors against a fresh embed
verified 4 rows in each of 19 row groups, min norm 1.000000
[00:21:18] starting the container at 10g and ingesting
/Users/dylanc/Documents/GitHub/landing_page/.venv/lib/python3.12/site-packages/qdrant_client/qdrant_remote.py:290: UserWarning: Failed to obtain server version. Unable to check client-server compatibility. Set check_compatibility=False to skip version check.
  show_warning(
e7-qdrant up at 10g, http://localhost:6370
  102400/4635922  6522 docs/s
  204800/4635922  6577 docs/s
  307200/4635922  6509 docs/s
  409600/4635922  6326 docs/s
  512000/4635922  6303 docs/s
  614400/4635922  6245 docs/s
  716800/4635922  6260 docs/s
  819200/4635922  6244 docs/s
  921600/4635922  6233 docs/s
  1024000/4635922  6224 docs/s
  1126400/4635922  6236 docs/s
  1228800/4635922  6240 docs/s
  1331200/4635922  6245 docs/s
  1433600/4635922  6239 docs/s
  1536000/4635922  6245 docs/s
  1638400/4635922  6238 docs/s
  1740800/4635922  6244 docs/s
  1843200/4635922  6246 docs/s
  1945600/4635922  6243 docs/s
  2048000/4635922  6231 docs/s
  2150400/4635922  6208 docs/s
  2252800/4635922  6194 docs/s
  2355200/4635922  6198 docs/s
  2457600/4635922  6199 docs/s
  2560000/4635922  6150 docs/s
  2662400/4635922  6111 docs/s
  2764800/4635922  6118 docs/s
  2867200/4635922  6121 docs/s
  2969600/4635922  6128 docs/s
  3072000/4635922  6116 docs/s
  3174400/4635922  6121 docs/s
  3276800/4635922  6126 docs/s
  3379200/4635922  6134 docs/s
  3481600/4635922  6140 docs/s
  3584000/4635922  6095 docs/s
  3686400/4635922  6029 docs/s
  3788800/4635922  5982 docs/s
  3891200/4635922  5962 docs/s
  3993600/4635922  5940 docs/s
  4096000/4635922  5932 docs/s
  4198400/4635922  5909 docs/s
  4300800/4635922  5910 docs/s
  4403200/4635922  5913 docs/s
  4505600/4635922  5912 docs/s
  4608000/4635922  5914 docs/s
  4635922/4635922  5916 docs/s
  indexing 0/4635922 yellow
  indexing 0/4635922 yellow
  indexing 0/4635922 yellow
  indexing 0/4635922 yellow
  indexing 662272/4635922 yellow
  indexing 1324544/4635922 yellow
  indexing 1324544/4635922 yellow
  indexing 1324544/4635922 yellow
  indexing 1986816/4635922 yellow
  indexing 1986816/4635922 yellow
  indexing 1986816/4635922 yellow
  indexing 1986816/4635922 yellow
  indexing 3973650/4635922 yellow
  indexing 3973650/4635922 yellow
  indexing 3973650/4635922 yellow
  indexing 4635922/4635922 green
  indexing 4635922/4635922 green
  indexing 4635922/4635922 green
wrote e7/ingest.json
wrote e7/memory-loaded-10g.json
{
  "memory.current": "8537165824",
  "memory.peak": "10739765248",
  "memory.max": "10737418240",
  "memory.swap.current": "0",
  "memory.events": "low 0\nhigh 0\nmax 17227\noom 0\noom_kill 0\noom_group_kill 0",
  "io.stat": "254:0 rbytes=15623823360 wbytes=26211254272 rios=2058869 wios=93772 dbytes=0 dios=0",
  "memory.stat": "file 5572902912\ninactive_file 5131849728\nactive_file 441065472\nworkingset_refault_file 3602055\nworkingset_activate_file 3602055\npgscan 5825984\npgsteal 5825966\npgmajfault 4247233"
}
warmed on 400 queries in 35.7s
wrote e7/memory-steady-10g.json
{
  "memory.current": "10530430976",
  "memory.peak": "10739765248",
  "memory.max": "10737418240",
  "memory.swap.current": "0",
  "memory.events": "low 0\nhigh 0\nmax 17227\noom 0\noom_kill 0\noom_group_kill 0",
  "io.stat": "254:0 rbytes=17602916352 wbytes=26211254272 rios=2542046 wios=93772 dbytes=0 dios=0",
  "memory.stat": "file 7552147456\ninactive_file 7111094272\nactive_file 441065472\nworkingset_refault_file 4081500\nworkingset_activate_file 4081500\npgscan 5825984\npgsteal 5825966\npgmajfault 4730447"
}
[00:44:15] reopening at 4g
/Users/dylanc/Documents/GitHub/landing_page/.venv/lib/python3.12/site-packages/qdrant_client/qdrant_remote.py:290: UserWarning: Failed to obtain server version. Unable to check client-server compatibility. Set check_compatibility=False to skip version check.
  show_warning(
e7-qdrant up at 4g, http://localhost:6370
wrote e7/memory-loaded-4g.json
{
  "memory.current": "2027270144",
  "memory.peak": "2028060672",
  "memory.max": "4294967296",
  "memory.swap.current": "0",
  "memory.events": "low 0\nhigh 0\nmax 0\noom 0\noom_kill 0\noom_group_kill 0",
  "io.stat": "254:0 rbytes=627863552 wbytes=28672 rios=22577 wios=61 dbytes=0 dios=0",
  "memory.stat": "file 118964224\ninactive_file 8699904\nactive_file 110276608\nworkingset_refault_file 27577\nworkingset_activate_file 0\npgscan 0\npgsteal 0\npgmajfault 12926"
}
warmed on 400 queries in 2.9s
wrote e7/memory-steady-4g.json
{
  "memory.current": "2013966336",
  "memory.peak": "2043002880",
  "memory.max": "4294967296",
  "memory.swap.current": "0",
  "memory.events": "low 0\nhigh 0\nmax 0\noom 0\noom_kill 0\noom_group_kill 0",
  "io.stat": "254:0 rbytes=627863552 wbytes=32768 rios=22577 wios=62 dbytes=0 dios=0",
  "memory.stat": "file 118964224\ninactive_file 8699904\nactive_file 110280704\nworkingset_refault_file 27577\nworkingset_activate_file 0\npgscan 0\npgsteal 0\npgmajfault 12926"
}
[00:44:33] phase 1 done
